Version 1

{ name:   "Ms. Pacman Level #2" }

{ width: 40 }  // 0 - 39
{ height: 31 } // 0 - 30
{ hshift: 0 }
{ vshift: 0 }

{ llcorner: 0 0 }

{ section: squares }

{ total: 1240 }

/////////////////////////
// BASIC MAP TYPES
/////////////////////////
// ( 2 3 0 ) big dot
// ( 2 2 0 ) small dot
// ( 2 1 0 ) open passageway, no dot
// ( 1 0 1 ) wall
/////////////////////////
 
// Orange
// { color: 236 88 16 }
// { color: 232 80 8 }
// { color: 255 128 64 }
{ color: 255 128 0 }
// purple
// { color: 255 128 255 }
// green
// { color: 0 255 0 }


// left to right
{ ( 1 0 1 ) ( 6-33  0,30 ) }
// top to bottom
{ ( 1 0 1 ) ( 6,33  1-7 ) }
{ ( 1 0 1 ) ( 6,33  26-29 ) }

// all the left-side right-side pieces
{ ( 1 0 1 ) ( 6-8 8,12,14 ) }
{ ( 1 0 1 ) ( 6-8 21,23,25 ) }
{ ( 1 0 1 ) ( 31-33 8,12,14 ) }
{ ( 1 0 1 ) ( 31-33 21,23,25 ) }

{ ( 1 0 1 ) ( 8,31 24 ) }
{ ( 1 0 1 ) ( 8,31 15-20 ) }
{ ( 1 0 1 ) ( 8,31 9-11 ) }

// blocks in bottom row
{ ( 1 0 1 ) ( 8-11  2-6 ) }
{ ( 1 0 1 ) ( 28-31 2-6 ) }
{ ( 1 0 1 ) ( 13-14 2-6 ) }
{ ( 1 0 1 ) ( 15-17 5-6 ) }

{ ( 1 0 1 ) ( 16-23 2-3 ) }
{ ( 1 0 1 ) ( 19-20 4-6 ) }
{ ( 1 0 1 ) ( 25-26 2-6 ) }
{ ( 1 0 1 ) ( 22-24 5-6 ) }

// 2nd row
{ ( 1 0 1 ) ( 10-14  8-9 ) }
{ ( 1 0 1 ) ( 16-23  8-9 ) }
{ ( 1 0 1 ) ( 25-29  8-9 ) }
{ ( 1 0 1 ) ( 19-20 10-12 ) }

// 3rd row
{ ( 1 0 1 ) ( 10-17 11-12 ) }
{ ( 1 0 1 ) ( 22-29 11-12 ) }
{ ( 1 0 1 ) ( 13-14 13-15 ) }
{ ( 1 0 1 ) ( 25-26 13-15 ) }

// middle row
{ ( 1 0 1 ) ( 10-11 14-18 ) }
{ ( 1 0 1 ) ( 12-14 17-18 ) }
{ ( 1 0 1 ) ( 25-27 17-18 ) }
{ ( 1 0 1 ) ( 28-29 14-18 ) }

// middle box
{ ( 1 0 1 ) ( 16-23 14 ) } 
{ ( 1 0 1 ) ( 16,23 15-18 ) }
{ ( 1 0 1 ) ( 17-18 18 ) }
{ ( 1 0 1 ) ( 21-22 18 ) }

// 5th row
{ ( 1 0 1 ) ( 10-14 20-21 ) }
{ ( 1 0 1 ) ( 10-11 22-25 ) }
{ ( 1 0 1 ) ( 16-23 20-21 ) }
{ ( 1 0 1 ) ( 19-20 22-25 ) }

{ ( 1 0 1 ) ( 25-29 20-21 ) }
{ ( 1 0 1 ) ( 28-29 22-25 ) }

{ ( 1 0 1 ) ( 13-17 23-25 ) }
{ ( 1 0 1 ) ( 22-26 23-25 ) }

// top row
{ ( 1 0 1 ) (  8-11 27-28 ) }
{ ( 1 0 1 ) ( 13-14 27-29 ) }
{ ( 1 0 1 ) ( 16-23 27-28 ) }
{ ( 1 0 1 ) ( 25-26 27-29 ) }
{ ( 1 0 1 ) ( 28-31 27-28 ) }


/////////////////////////
// DOTS SECTION
/////////////////////////

//  big dots
{ ( 2 3 0 ) ( 7,32 3,28 ) }

// 
{ ( 2 2 0 ) ( 7-32 1 ) }
{ ( 2 2 0 ) ( 7,32 2 ) }
{ ( 2 2 0 ) ( 7,32 4-6 ) }
{ ( 2 2 0 ) ( 12,27 2-6 ) }
{ ( 2 2 0 ) ( 15,24 2-4 ) }
{ ( 2 2 0 ) ( 16-18 4 ) }
{ ( 2 2 0 ) ( 21-23 4 ) }
{ ( 2 2 0 ) ( 18,21 5-6 ) }
{ ( 2 2 0 ) ( 7-32 7 ) }

// above row 8
{ ( 2 2 0 ) ( 9,30 8-25 ) }
{ ( 2 2 0 ) ( 15,24 8-9 ) } 
{ ( 2 2 0 ) ( 10-18 10 ) } 
{ ( 2 2 0 ) ( 21-29 10 ) } 
{ ( 2 2 0 ) ( 18,21 11-12 ) }

{ ( 2 2 0 ) ( 7-32 26 ) }
{ ( 2 2 0 ) ( 7-32 27 ) } 
{ ( 2 2 0 ) ( 12,18,21,27 22-25 ) }
{ ( 2 2 0 ) ( 13-17 22 ) }
{ ( 2 2 0 ) ( 22-26 22 ) }
{ ( 2 2 0 ) ( 7-12 29 ) } 
{ ( 2 2 0 ) ( 12,15,24,27 27-28 ) }
{ ( 2 2 0 ) ( 15-24 29 ) }
{ ( 2 2 0 ) ( 27-32 29 ) }


//////////////////////////////////////
// open corridors, no dots
//////////////////////////////////////
{ ( 2 1 0 ) ( 15-24 13 ) }
{ ( 2 1 0 ) ( 15,24 14-18 ) }
{ ( 2 1 0 ) ( 6-8 13,22 ) }
{ ( 2 1 0 ) ( 31-33 13,22 ) }
{ ( 2 1 0 ) ( 10-12 13 ) }
{ ( 2 1 0 ) ( 27-29 13 ) }
{ ( 2 1 0 ) ( 12,27 14-16 ) }
{ ( 2 1 0 ) ( 13,14,25,26 16 ) }
{ ( 2 1 0 ) ( 10-29 19 ) }
{ ( 2 1 0 ) ( 15,24 20-21 ) }
// center box
{ ( 2 1 0 ) ( 17-22 15-17 ) }
{ ( 2 1 0 ) ( 19,20 18 ) }

////////////////////////////////
// Entities Section
////////////////////////////////
{ section: entities }
{ total: 9 }

// player spawn
// ( type pix.x pix.y ) <== offsets
{ ( 2048 7 0 ) ( 19 7 ) }

// side teleports
//        +====== destination
//        v         +===== location
// ( type x y ) ( x y )
{ ( 8 6 13 ) ( 33 13 ) }
{ ( 8 33 13 ) ( 6 13 ) }
{ ( 8 6 22 ) ( 33 22 ) } 
{ ( 8 33 22 ) ( 6 22 ) } 

// ghost spawns
// ( type x-offset color ) ( x y )
//{ ( 2 7 1 ) ( 15 19 ) }
//{ ( 2 7 2 ) ( 17 19 ) }
//{ ( 2 7 3 ) ( 19 19 ) }
//{ ( 2 7 4 ) ( 21 19 ) }
{ ( 2 7 1 ) ( 17 17 ) }
{ ( 2 7 2 ) ( 17 15 ) }
{ ( 2 7 3 ) ( 21 17 ) }
{ ( 2 7 4 ) ( 21 15 ) }


// mapentity_t types
// ME_PLAYERSPAWN = 2048,
// ME_GHOSTSPAWN  = 2,
// ME_FRUITSPAWN  = 4
// ME_TELEPORT = 8

